{
  "userId": 4,
  "twitterHandle": "@UnileverVirtual",
  "name": "Unilever"
}