[{"userId":4,"twitterHandle":"@UnileverVirtual","name":"Unilever"},{"userId":7,"twitterHandle":"@Uniqlo","name":"Uniqlo"},{"userId":11,"twitterHandle":"@Lego","name":"Lego"},{"userId":12,"twitterHandle":"@KFC","name":"KFC"},{"userId":14,"twitterHandle":"@Nestle","name":"Nestle"},{"userId":15,"twitterHandle":"@Ford","name":"Ford"},{"userId":16,"twitterHandle":"@Mazda","name":"Mazda"},{"userId":22,"twitterHandle":"@Martini","name":"Martini"},{"userId":23,"twitterHandle":"@Tesla","name":"Tesla"},{"userId":28,"twitterHandle":"@PepsiCo","name":"PepsiCo"},{"userId":30,"twitterHandle":"@newBO","name":"newBO"},{"userId":31,"twitterHandle":"@newBO2","name":"newBO2"},{"userId":34,"twitterHandle":"@newbo3","name":"newbo3"},{"userId":41,"twitterHandle":"@newbo4","name":"newbo4"},{"userId":45,"twitterHandle":"@newbo5","name":"newbo5"},{"userId":47,"twitterHandle":"@organization","name":"xfgnfxg"},{"userId":48,"twitterHandle":"@testValidBO","name":"testValidBusinessOwner"},{"userId":51,"twitterHandle":"@businessOw3","name":"businessOw3"},{"userId":52,"twitterHandle":"@PepsiCo100","name":"PepsiCo100"},{"userId":53,"twitterHandle":"@PepsiCo200","name":"PepsiCo200"},{"userId":54,"twitterHandle":"@PepsiCo300","name":"PepsiCo300"},{"userId":55,"twitterHandle":"@PepsiCo300","name":"PepsiCo300"},{"userId":56,"twitterHandle":"@PepsiCo300","name":"PepsiCo300"},{"userId":57,"twitterHandle":"@hjkvhjk","name":"5434"}]