[
  {
    "id": 36,
    "userId": 3,
    "twitterHandle": "@sizov_sizov7",
    "email": "sizov_sizov7@sizov_sizov7.com",
    "address": "Stockholm, Good street, Amazing house, 1 flat",
    "phoneNumber": "+972533215046",
    "productId": 1,
    "productTitle": "Dove shampoo",
    "productOwnerId": 4,
    "transactionState": "Ordered"
  },
  {
    "id": 38,
    "userId": 3,
    "twitterHandle": "@sizov_sizov7",
    "email": "sizov_sizov7@sizov_sizov7.com",
    "address": "Stockholm, Good street, Amazing house, 1 flat",
    "phoneNumber": "+972533215046",
    "productId": 1,
    "productTitle": "Dove shampoo",
    "productOwnerId": 4,
    "transactionState": "Ordered"
  },
  {
    "id": 39,
    "userId": 3,
    "twitterHandle": "@sizov_sizov7",
    "email": "sizov_sizov7@sizov_sizov7.com",
    "address": "Stockholm, Good street, Amazing house, 1 flat",
    "phoneNumber": "+972533215046",
    "productId": 1,
    "productTitle": "Dove shampoo",
    "productOwnerId": 4,
    "transactionState": "Ordered"
  },
  {
    "id": 40,
    "userId": 3,
    "twitterHandle": "@sizov_sizov7",
    "email": "sizov_sizov7@sizov_sizov7.com",
    "address": "Stockholm, Good street, Amazing house, 1 flat",
    "phoneNumber": "+972533215046",
    "productId": 1,
    "productTitle": "Dove shampoo",
    "productOwnerId": 4,
    "transactionState": "Ordered"
  },
  {
    "id": 41,
    "userId": 3,
    "twitterHandle": "@sizov_sizov7",
    "email": "sizov_sizov7@sizov_sizov7.com",
    "address": "Stockholm, Good street, Amazing house, 1 flat",
    "phoneNumber": "+972533215046",
    "productId": 1,
    "productTitle": "Dove shampoo",
    "productOwnerId": 4,
    "transactionState": "Ordered"
  },
  {
    "id": 42,
    "userId": 3,
    "twitterHandle": "@sizov_sizov7",
    "email": "sizov_sizov7@sizov_sizov7.com",
    "address": "Stockholm, Good street, Amazing house, 1 flat",
    "phoneNumber": "+972533215046",
    "productId": 1,
    "productTitle": "Dove shampoo",
    "productOwnerId": 4,
    "transactionState": "Ordered"
  },
  {
    "id": 43,
    "userId": 3,
    "twitterHandle": "@sizov_sizov7",
    "email": "sizov_sizov7@sizov_sizov7.com",
    "address": "Stockholm, Good street, Amazing house, 1 flat",
    "phoneNumber": "+972533215046",
    "productId": 1,
    "productTitle": "Dove shampoo",
    "productOwnerId": 4,
    "transactionState": "Ordered"
  },
  {
    "id": 44,
    "userId": 3,
    "twitterHandle": "@sizov_sizov7",
    "email": "sizov_sizov7@sizov_sizov7.com",
    "address": "Stockholm, Good street, Amazing house, 1 flat",
    "phoneNumber": "+972533215046",
    "productId": 1,
    "productTitle": "Dove shampoo",
    "productOwnerId": 4,
    "transactionState": "Ordered"
  },
  {
    "id": 45,
    "userId": 3,
    "twitterHandle": "@sizov_sizov7",
    "email": "sizov_sizov7@sizov_sizov7.com",
    "address": "Stockholm, Good street, Amazing house, 1 flat",
    "phoneNumber": "+972533215046",
    "productId": 1,
    "productTitle": "Dove shampoo",
    "productOwnerId": 4,
    "transactionState": "Ordered"
  },
  {
    "id": 46,
    "userId": 3,
    "twitterHandle": "@sizov_sizov7",
    "email": "sizov_sizov7@sizov_sizov7.com",
    "address": "Stockholm, Good street, Amazing house, 1 flat",
    "phoneNumber": "+972533215046",
    "productId": 1,
    "productTitle": "Dove shampoo",
    "productOwnerId": 4,
    "transactionState": "Ordered"
  },
  {
    "id": 47,
    "userId": 3,
    "twitterHandle": "@sizov_sizov7",
    "email": "sizov_sizov7@sizov_sizov7.com",
    "address": "Stockholm, Good street, Amazing house, 1 flat",
    "phoneNumber": "+972533215046",
    "productId": 1,
    "productTitle": "Dove shampoo",
    "productOwnerId": 4,
    "transactionState": "Ordered"
  },
  {
    "id": 48,
    "userId": 3,
    "twitterHandle": "@sizov_sizov7",
    "email": "sizov_sizov7@sizov_sizov7.com",
    "address": "Stockholm, Good street, Amazing house, 1 flat",
    "phoneNumber": "+972533215046",
    "productId": 1,
    "productTitle": "Dove shampoo",
    "productOwnerId": 4,
    "transactionState": "Ordered"
  },
  {
    "id": 49,
    "userId": 3,
    "twitterHandle": "@sizov_sizov7",
    "email": "sizov_sizov7@sizov_sizov7.com",
    "address": "Stockholm, Good street, Amazing house, 1 flat",
    "phoneNumber": "+972533215046",
    "productId": 1,
    "productTitle": "Dove shampoo",
    "productOwnerId": 4,
    "transactionState": "Ordered"
  },
  {
    "id": 50,
    "userId": 3,
    "twitterHandle": "@sizov_sizov7",
    "email": "sizov_sizov7@sizov_sizov7.com",
    "address": "Stockholm, Good street, Amazing house, 1 flat",
    "phoneNumber": "+972533215046",
    "productId": 1,
    "productTitle": "Dove shampoo",
    "productOwnerId": 4,
    "transactionState": "Ordered"
  },
  {
    "id": 51,
    "userId": 3,
    "twitterHandle": "@sizov_sizov7",
    "email": "sizov_sizov7@sizov_sizov7.com",
    "address": "Stockholm, Good street, Amazing house, 1 flat",
    "phoneNumber": "+972533215046",
    "productId": 1,
    "productTitle": "Dove shampoo",
    "productOwnerId": 4,
    "transactionState": "Ordered"
  },
  {
    "id": 52,
    "userId": 3,
    "twitterHandle": "@sizov_sizov7",
    "email": "sizov_sizov7@sizov_sizov7.com",
    "address": "Stockholm, Good street, Amazing house, 1 flat",
    "phoneNumber": "+972533215046",
    "productId": 1,
    "productTitle": "Dove shampoo",
    "productOwnerId": 4,
    "transactionState": "Ordered"
  },
  {
    "id": 54,
    "userId": 3,
    "twitterHandle": "@sizov_sizov7",
    "email": "sizov_sizov7@sizov_sizov7.com",
    "address": "Stockholm, Good street, Amazing house, 1 flat",
    "phoneNumber": "+972533215046",
    "productId": 1,
    "productTitle": "Dove shampoo",
    "productOwnerId": 4,
    "transactionState": "Ordered"
  },
  {
    "id": 55,
    "userId": 3,
    "twitterHandle": "@sizov_sizov7",
    "email": "sizov_sizov7@sizov_sizov7.com",
    "address": "Stockholm, Good street, Amazing house, 1 flat",
    "phoneNumber": "+972533215046",
    "productId": 1,
    "productTitle": "Dove shampoo",
    "productOwnerId": 4,
    "transactionState": "Ordered"
  },
  {
    "id": 56,
    "userId": 3,
    "twitterHandle": "@sizov_sizov7",
    "email": "sizov_sizov7@sizov_sizov7.com",
    "address": "Stockholm, Good street, Amazing house, 1 flat",
    "phoneNumber": "+972533215046",
    "productId": 1,
    "productTitle": "Dove shampoo",
    "productOwnerId": 4,
    "transactionState": "Ordered"
  },
  {
    "id": 57,
    "userId": 3,
    "twitterHandle": "@sizov_sizov7",
    "email": "sizov_sizov7@sizov_sizov7.com",
    "address": "Stockholm, Good street, Amazing house, 1 flat",
    "phoneNumber": "+972533215046",
    "productId": 1,
    "productTitle": "Dove shampoo",
    "productOwnerId": 4,
    "transactionState": "Ordered"
  },
  {
    "id": 58,
    "userId": 3,
    "twitterHandle": "@sizov_sizov7",
    "email": "sizov_sizov7@sizov_sizov7.com",
    "address": "Stockholm, Good street, Amazing house, 1 flat",
    "phoneNumber": "+972533215046",
    "productId": 1,
    "productTitle": "Dove shampoo",
    "productOwnerId": 4,
    "transactionState": "Ordered"
  },
  {
    "id": 59,
    "userId": 3,
    "twitterHandle": "@sizov_sizov7",
    "email": "sizov_sizov7@sizov_sizov7.com",
    "address": "Stockholm, Good street, Amazing house, 1 flat",
    "phoneNumber": "+972533215046",
    "productId": 1,
    "productTitle": "Dove shampoo",
    "productOwnerId": 4,
    "transactionState": "Ordered"
  },
  {
    "id": 60,
    "userId": 3,
    "twitterHandle": "@sizov_sizov7",
    "email": "sizov_sizov7@sizov_sizov7.com",
    "address": "Stockholm, Good street, Amazing house, 1 flat",
    "phoneNumber": "+972533215046",
    "productId": 1,
    "productTitle": "Dove shampoo",
    "productOwnerId": 4,
    "transactionState": "Ordered"
  },
  {
    "id": 62,
    "userId": 3,
    "twitterHandle": "@sizov_sizov7",
    "email": "sizov_sizov7@sizov_sizov7.com",
    "address": "Stockholm, Good street, Amazing house, 1 flat",
    "phoneNumber": "+972533215046",
    "productId": 1,
    "productTitle": "Dove shampoo",
    "productOwnerId": 4,
    "transactionState": "Ordered"
  },
  {
    "id": 63,
    "userId": 3,
    "twitterHandle": "@sizov_sizov7",
    "email": "sizov_sizov7@sizov_sizov7.com",
    "address": "Stockholm, Good street, Amazing house, 1 flat",
    "phoneNumber": "+972533215046",
    "productId": 2,
    "productTitle": "Dove soap",
    "productOwnerId": 4,
    "transactionState": "Ordered"
  },
  {
    "id": 64,
    "userId": 3,
    "twitterHandle": "@sizov_sizov7",
    "email": "sizov_sizov7@sizov_sizov7.com",
    "address": "Stockholm, Good street, Amazing house, 1 flat",
    "phoneNumber": "+972533215046",
    "productId": 1,
    "productTitle": "Dove shampoo",
    "productOwnerId": 4,
    "transactionState": "Ordered"
  },
  {
    "id": 66,
    "userId": 3,
    "twitterHandle": "@sizov_sizov7",
    "email": "sizov_sizov7@sizov_sizov7.com",
    "address": "Stockholm, Good street, Amazing house, 1 flat",
    "phoneNumber": "+972533215046",
    "productId": 1,
    "productTitle": "Dove shampoo",
    "productOwnerId": 4,
    "transactionState": "Ordered"
  },
  {
    "id": 67,
    "userId": 3,
    "twitterHandle": "@sizov_sizov7",
    "email": "sizov_sizov7@sizov_sizov7.com",
    "address": "Stockholm, Good street, Amazing house, 1 flat",
    "phoneNumber": "+972533215046",
    "productId": 1,
    "productTitle": "Dove shampoo",
    "productOwnerId": 4,
    "transactionState": "Ordered"
  },
  {
    "id": 69,
    "userId": 3,
    "twitterHandle": "@sizov_sizov7",
    "email": "sizov_sizov7@sizov_sizov7.com",
    "address": "Stockholm, Good street, Amazing house, 1 flat",
    "phoneNumber": "+972533215046",
    "productId": 1,
    "productTitle": "Dove shampoo",
    "productOwnerId": 4,
    "transactionState": "Ordered"
  },
  {
    "id": 71,
    "userId": 3,
    "twitterHandle": "@sizov_sizov7",
    "email": "sizov_sizov7@sizov_sizov7.com",
    "address": "Stockholm, Good street, Amazing house, 1 flat",
    "phoneNumber": "+972533215046",
    "productId": 1,
    "productTitle": "Dove shampoo",
    "productOwnerId": 4,
    "transactionState": "Ordered"
  },
  {
    "id": 72,
    "userId": 3,
    "twitterHandle": "@sizov_sizov7",
    "email": "sizov_sizov7@sizov_sizov7.com",
    "address": "Stockholm, Good street, Amazing house, 1 flat",
    "phoneNumber": "+972533215046",
    "productId": 4,
    "productTitle": "Hellmann's mayo",
    "productOwnerId": 4,
    "transactionState": "Ordered"
  },
  {
    "id": 73,
    "userId": 3,
    "twitterHandle": "@sizov_sizov7",
    "email": "sizov_sizov7@sizov_sizov7.com",
    "address": "Stockholm, Good street, Amazing house, 1 flat",
    "phoneNumber": "+972533215046",
    "productId": 4,
    "productTitle": "Hellmann's mayo",
    "productOwnerId": 4,
    "transactionState": "Ordered"
  },
  {
    "id": 74,
    "userId": 3,
    "twitterHandle": "@sizov_sizov7",
    "email": "sizov_sizov7@sizov_sizov7.com",
    "address": "Stockholm, Good street, Amazing house, 1 flat",
    "phoneNumber": "+972533215046",
    "productId": 1,
    "productTitle": "Dove shampoo",
    "productOwnerId": 4,
    "transactionState": "Ordered"
  },
  {
    "id": 75,
    "userId": 3,
    "twitterHandle": "@sizov_sizov7",
    "email": "sizov_sizov7@sizov_sizov7.com",
    "address": "Stockholm, Good street, Amazing house, 1 flat",
    "phoneNumber": "+972533215046",
    "productId": 1,
    "productTitle": "Dove shampoo",
    "productOwnerId": 4,
    "transactionState": "Ordered"
  },
  {
    "id": 76,
    "userId": 3,
    "twitterHandle": "@sizov_sizov7",
    "email": "sizov_sizov7@sizov_sizov7.com",
    "address": "Stockholm, Good street, Amazing house, 1 flat",
    "phoneNumber": "+972533215046",
    "productId": 3,
    "productTitle": "Domestos gel",
    "productOwnerId": 4,
    "transactionState": "Ordered"
  },
  {
    "id": 77,
    "userId": 3,
    "twitterHandle": "@sizov_sizov7",
    "email": "sizov_sizov7@sizov_sizov7.com",
    "address": "Stockholm, Good street, Amazing house, 1 flat",
    "phoneNumber": "+972533215046",
    "productId": 1,
    "productTitle": "Dove shampoo",
    "productOwnerId": 4,
    "transactionState": "Ordered"
  },
  {
    "id": 78,
    "userId": 3,
    "twitterHandle": "@sizov_sizov7",
    "email": "sizov_sizov7@sizov_sizov7.com",
    "address": "Stockholm, Good street, Amazing house, 1 flat",
    "phoneNumber": "+972533215046",
    "productId": 1,
    "productTitle": "Dove shampoo",
    "productOwnerId": 4,
    "transactionState": "Ordered"
  },
  {
    "id": 79,
    "userId": 3,
    "twitterHandle": "@sizov_sizov7",
    "email": "sizov_sizov7@sizov_sizov7.com",
    "address": "Stockholm, Good street, Amazing house, 1 flat",
    "phoneNumber": "+972533215046",
    "productId": 1,
    "productTitle": "Dove shampoo",
    "productOwnerId": 4,
    "transactionState": "Ordered"
  },
  {
    "id": 80,
    "userId": 3,
    "twitterHandle": "@sizov_sizov7",
    "email": "sizov_sizov7@sizov_sizov7.com",
    "address": "Stockholm, Good street, Amazing house, 1 flat",
    "phoneNumber": "+972533215046",
    "productId": 1,
    "productTitle": "Dove shampoo",
    "productOwnerId": 4,
    "transactionState": "Ordered"
  },
  {
    "id": 81,
    "userId": 3,
    "twitterHandle": "@sizov_sizov7",
    "email": "sizov_sizov7@sizov_sizov7.com",
    "address": "Stockholm, Good street, Amazing house, 1 flat",
    "phoneNumber": "+972533215046",
    "productId": 1,
    "productTitle": "Dove shampoo",
    "productOwnerId": 4,
    "transactionState": "Ordered"
  },
  {
    "id": 82,
    "userId": 3,
    "twitterHandle": "@sizov_sizov7",
    "email": "sizov_sizov7@sizov_sizov7.com",
    "address": "Stockholm, Good street, Amazing house, 1 flat",
    "phoneNumber": "+972533215046",
    "productId": 1,
    "productTitle": "Dove shampoo",
    "productOwnerId": 4,
    "transactionState": "Ordered"
  },
  {
    "id": 83,
    "userId": 3,
    "twitterHandle": "@sizov_sizov7",
    "email": "sizov_sizov7@sizov_sizov7.com",
    "address": "Stockholm, Good street, Amazing house, 1 flat",
    "phoneNumber": "+972533215046",
    "productId": 1,
    "productTitle": "Dove shampoo",
    "productOwnerId": 4,
    "transactionState": "Ordered"
  },
  {
    "id": 84,
    "userId": 3,
    "twitterHandle": "@sizov_sizov7",
    "email": "sizov_sizov7@sizov_sizov7.com",
    "address": "Stockholm, Good street, Amazing house, 1 flat",
    "phoneNumber": "+972533215046",
    "productId": 1,
    "productTitle": "Dove shampoo",
    "productOwnerId": 4,
    "transactionState": "Ordered"
  },
  {
    "id": 87,
    "userId": 3,
    "twitterHandle": "@sizov_sizov7",
    "email": "sizov_sizov7@sizov_sizov7.com",
    "address": "Stockholm, Good street, Amazing house, 1 flat",
    "phoneNumber": "+972533215046",
    "productId": 1,
    "productTitle": "Dove shampoo",
    "productOwnerId": 4,
    "transactionState": "Ordered"
  },
  {
    "id": 88,
    "userId": 3,
    "twitterHandle": "@sizov_sizov7",
    "email": "sizov_sizov7@sizov_sizov7.com",
    "address": "Stockholm, Good street, Amazing house, 1 flat",
    "phoneNumber": "+972533215046",
    "productId": 4,
    "productTitle": "Hellmann's mayo",
    "productOwnerId": 4,
    "transactionState": "Ordered"
  },
  {
    "id": 89,
    "userId": 3,
    "twitterHandle": "@sizov_sizov7",
    "email": "sizov_sizov7@sizov_sizov7.com",
    "address": "Stockholm, Good street, Amazing house, 1 flat",
    "phoneNumber": "+972533215046",
    "productId": 4,
    "productTitle": "Hellmann's mayo",
    "productOwnerId": 4,
    "transactionState": "Ordered"
  },
  {
    "id": 90,
    "userId": 3,
    "twitterHandle": "@sizov_sizov7",
    "email": "sizov_sizov7@sizov_sizov7.com",
    "address": "Stockholm, Good street, Amazing house, 1 flat",
    "phoneNumber": "+972533215046",
    "productId": 1,
    "productTitle": "Dove shampoo",
    "productOwnerId": 4,
    "transactionState": "Ordered"
  },
  {
    "id": 91,
    "userId": 3,
    "twitterHandle": "@sizov_sizov7",
    "email": "sizov_sizov7@sizov_sizov7.com",
    "address": "Stockholm, Good street, Amazing house, 1 flat",
    "phoneNumber": "+972533215046",
    "productId": 4,
    "productTitle": "Hellmann's mayo",
    "productOwnerId": 4,
    "transactionState": "Ordered"
  },
  {
    "id": 93,
    "userId": 3,
    "twitterHandle": "@sizov_sizov7",
    "email": "sizov_sizov7@sizov_sizov7.com",
    "address": "Stockholm, Good street, Amazing house, 1 flat",
    "phoneNumber": "+972533215046",
    "productId": 3,
    "productTitle": "Domestos gel",
    "productOwnerId": 4,
    "transactionState": "Ordered"
  },
  {
    "id": 94,
    "userId": 3,
    "twitterHandle": "@sizov_sizov7",
    "email": "sizov_sizov7@sizov_sizov7.com",
    "address": "Stockholm, Good street, Amazing house, 1 flat",
    "phoneNumber": "+972533215046",
    "productId": 1,
    "productTitle": "Dove shampoo",
    "productOwnerId": 4,
    "transactionState": "Ordered"
  },
  {
    "id": 96,
    "userId": 3,
    "twitterHandle": "@sizov_sizov7",
    "email": "sizov_sizov7@sizov_sizov7.com",
    "address": "Stockholm, Good street, Amazing house, 1 flat",
    "phoneNumber": "+972533215046",
    "productId": 1,
    "productTitle": "Dove shampoo",
    "productOwnerId": 4,
    "transactionState": "Ordered"
  },
  {
    "id": 97,
    "userId": 3,
    "twitterHandle": "@sizov_sizov7",
    "email": "sizov_sizov7@sizov_sizov7.com",
    "address": "Stockholm, Good street, Amazing house, 1 flat",
    "phoneNumber": "+972533215046",
    "productId": 1,
    "productTitle": "Dove shampoo",
    "productOwnerId": 4,
    "transactionState": "Ordered"
  },
  {
    "id": 98,
    "userId": 3,
    "twitterHandle": "@sizov_sizov7",
    "email": "sizov_sizov7@sizov_sizov7.com",
    "address": "Stockholm, Good street, Amazing house, 1 flat",
    "phoneNumber": "+972533215046",
    "productId": 1,
    "productTitle": "Dove shampoo",
    "productOwnerId": 4,
    "transactionState": "Ordered"
  },
  {
    "id": 99,
    "userId": 3,
    "twitterHandle": "@sizov_sizov7",
    "email": "sizov_sizov7@sizov_sizov7.com",
    "address": "Stockholm, Good street, Amazing house, 1 flat",
    "phoneNumber": "+972533215046",
    "productId": 1,
    "productTitle": "Dove shampoo",
    "productOwnerId": 4,
    "transactionState": "Ordered"
  },
  {
    "id": 100,
    "userId": 3,
    "twitterHandle": "@sizov_sizov7",
    "email": "sizov_sizov7@sizov_sizov7.com",
    "address": "Stockholm, Good street, Amazing house, 1 flat",
    "phoneNumber": "+972533215046",
    "productId": 1,
    "productTitle": "Dove shampoo",
    "productOwnerId": 4,
    "transactionState": "Ordered"
  },
  {
    "id": 101,
    "userId": 3,
    "twitterHandle": "@sizov_sizov7",
    "email": "sizov_sizov7@sizov_sizov7.com",
    "address": "Stockholm, Good street, Amazing house, 1 flat",
    "phoneNumber": "+972533215046",
    "productId": 1,
    "productTitle": "Dove shampoo",
    "productOwnerId": 4,
    "transactionState": "Ordered"
  },
  {
    "id": 102,
    "userId": 3,
    "twitterHandle": "@sizov_sizov7",
    "email": "sizov_sizov7@sizov_sizov7.com",
    "address": "Stockholm, Good street, Amazing house, 1 flat",
    "phoneNumber": "+972533215046",
    "productId": 1,
    "productTitle": "Dove shampoo",
    "productOwnerId": 4,
    "transactionState": "Ordered"
  },
  {
    "id": 103,
    "userId": 3,
    "twitterHandle": "@sizov_sizov7",
    "email": "sizov_sizov7@sizov_sizov7.com",
    "address": "Stockholm, Good street, Amazing house, 1 flat",
    "phoneNumber": "+972533215046",
    "productId": 1,
    "productTitle": "Dove shampoo",
    "productOwnerId": 4,
    "transactionState": "Ordered"
  },
  {
    "id": 104,
    "userId": 3,
    "twitterHandle": "@sizov_sizov7",
    "email": "sizov_sizov7@sizov_sizov7.com",
    "address": "Stockholm, Good street, Amazing house, 1 flat",
    "phoneNumber": "+972533215046",
    "productId": 1,
    "productTitle": "Dove shampoo",
    "productOwnerId": 4,
    "transactionState": "Ordered"
  },
  {
    "id": 105,
    "userId": 3,
    "twitterHandle": "@sizov_sizov7",
    "email": "sizov_sizov7@sizov_sizov7.com",
    "address": "Stockholm, Good street, Amazing house, 1 flat",
    "phoneNumber": "+972533215046",
    "productId": 1,
    "productTitle": "Dove shampoo",
    "productOwnerId": 4,
    "transactionState": "Ordered"
  },
  {
    "id": 106,
    "userId": 3,
    "twitterHandle": "@sizov_sizov7",
    "email": "sizov_sizov7@sizov_sizov7.com",
    "address": "Stockholm, Good street, Amazing house, 1 flat",
    "phoneNumber": "+972533215046",
    "productId": 1,
    "productTitle": "Dove shampoo",
    "productOwnerId": 4,
    "transactionState": "Ordered"
  },
  {
    "id": 107,
    "userId": 3,
    "twitterHandle": "@sizov_sizov7",
    "email": "sizov_sizov7@sizov_sizov7.com",
    "address": "Stockholm, Good street, Amazing house, 1 flat",
    "phoneNumber": "+972533215046",
    "productId": 1,
    "productTitle": "Dove shampoo",
    "productOwnerId": 4,
    "transactionState": "Ordered"
  },
  {
    "id": 108,
    "userId": 3,
    "twitterHandle": "@sizov_sizov7",
    "email": "sizov_sizov7@sizov_sizov7.com",
    "address": "Stockholm, Good street, Amazing house, 1 flat",
    "phoneNumber": "+972533215046",
    "productId": 1,
    "productTitle": "Dove shampoo",
    "productOwnerId": 4,
    "transactionState": "Ordered"
  },
  {
    "id": 109,
    "userId": 3,
    "twitterHandle": "@sizov_sizov7",
    "email": "sizov_sizov7@sizov_sizov7.com",
    "address": "Stockholm, Good street, Amazing house, 1 flat",
    "phoneNumber": "+972533215046",
    "productId": 1,
    "productTitle": "Dove shampoo",
    "productOwnerId": 4,
    "transactionState": "Ordered"
  },
  {
    "id": 110,
    "userId": 3,
    "twitterHandle": "@sizov_sizov7",
    "email": "sizov_sizov7@sizov_sizov7.com",
    "address": "Stockholm, Good street, Amazing house, 1 flat",
    "phoneNumber": "+972533215046",
    "productId": 1,
    "productTitle": "Dove shampoo",
    "productOwnerId": 4,
    "transactionState": "Ordered"
  },
  {
    "id": 111,
    "userId": 3,
    "twitterHandle": "@sizov_sizov7",
    "email": "sizov_sizov7@sizov_sizov7.com",
    "address": "Stockholm, Good street, Amazing house, 1 flat",
    "phoneNumber": "+972533215046",
    "productId": 1,
    "productTitle": "Dove shampoo",
    "productOwnerId": 4,
    "transactionState": "Ordered"
  },
  {
    "id": 112,
    "userId": 3,
    "twitterHandle": "@sizov_sizov7",
    "email": "sizov_sizov7@sizov_sizov7.com",
    "address": "Stockholm, Good street, Amazing house, 1 flat",
    "phoneNumber": "+972533215046",
    "productId": 1,
    "productTitle": "Dove shampoo",
    "productOwnerId": 4,
    "transactionState": "Ordered"
  },
  {
    "id": 113,
    "userId": 3,
    "twitterHandle": "@sizov_sizov7",
    "email": "sizov_sizov7@sizov_sizov7.com",
    "address": "Stockholm, Good street, Amazing house, 1 flat",
    "phoneNumber": "+972533215046",
    "productId": 1,
    "productTitle": "Dove shampoo",
    "productOwnerId": 4,
    "transactionState": "Ordered"
  },
  {
    "id": 114,
    "userId": 3,
    "twitterHandle": "@sizov_sizov7",
    "email": "sizov_sizov7@sizov_sizov7.com",
    "address": "Stockholm, Good street, Amazing house, 1 flat",
    "phoneNumber": "+972533215046",
    "productId": 1,
    "productTitle": "Dove shampoo",
    "productOwnerId": 4,
    "transactionState": "Ordered"
  },
  {
    "id": 115,
    "userId": 3,
    "twitterHandle": "@sizov_sizov7",
    "email": "sizov_sizov7@sizov_sizov7.com",
    "address": "Stockholm, Good street, Amazing house, 1 flat",
    "phoneNumber": "+972533215046",
    "productId": 1,
    "productTitle": "Dove shampoo",
    "productOwnerId": 4,
    "transactionState": "Ordered"
  },
  {
    "id": 116,
    "userId": 3,
    "twitterHandle": "@sizov_sizov7",
    "email": "sizov_sizov7@sizov_sizov7.com",
    "address": "Stockholm, Good street, Amazing house, 1 flat",
    "phoneNumber": "+972533215046",
    "productId": 1,
    "productTitle": "Dove shampoo",
    "productOwnerId": 4,
    "transactionState": "Ordered"
  },
  {
    "id": 117,
    "userId": 3,
    "twitterHandle": "@sizov_sizov7",
    "email": "sizov_sizov7@sizov_sizov7.com",
    "address": "Stockholm, Good street, Amazing house, 1 flat",
    "phoneNumber": "+972533215046",
    "productId": 1,
    "productTitle": "Dove shampoo",
    "productOwnerId": 4,
    "transactionState": "Ordered"
  },
  {
    "id": 118,
    "userId": 3,
    "twitterHandle": "@sizov_sizov7",
    "email": "sizov_sizov7@sizov_sizov7.com",
    "address": "Stockholm, Good street, Amazing house, 1 flat",
    "phoneNumber": "+972533215046",
    "productId": 1,
    "productTitle": "Dove shampoo",
    "productOwnerId": 4,
    "transactionState": "Ordered"
  },
  {
    "id": 119,
    "userId": 3,
    "twitterHandle": "@sizov_sizov7",
    "email": "sizov_sizov7@sizov_sizov7.com",
    "address": "Stockholm, Good street, Amazing house, 1 flat",
    "phoneNumber": "+972533215046",
    "productId": 1,
    "productTitle": "Dove shampoo",
    "productOwnerId": 4,
    "transactionState": "Ordered"
  },
  {
    "id": 120,
    "userId": 3,
    "twitterHandle": "@sizov_sizov7",
    "email": "sizov_sizov7@sizov_sizov7.com",
    "address": "Stockholm, Good street, Amazing house, 1 flat",
    "phoneNumber": "+972533215046",
    "productId": 1,
    "productTitle": "Dove shampoo",
    "productOwnerId": 4,
    "transactionState": "Ordered"
  },
  {
    "id": 121,
    "userId": 3,
    "twitterHandle": "@sizov_sizov7",
    "email": "sizov_sizov7@sizov_sizov7.com",
    "address": "Stockholm, Good street, Amazing house, 1 flat",
    "phoneNumber": "+972533215046",
    "productId": 1,
    "productTitle": "Dove shampoo",
    "productOwnerId": 4,
    "transactionState": "Ordered"
  },
  {
    "id": 122,
    "userId": 3,
    "twitterHandle": "@sizov_sizov7",
    "email": "sizov_sizov7@sizov_sizov7.com",
    "address": "Stockholm, Good street, Amazing house, 1 flat",
    "phoneNumber": "+972533215046",
    "productId": 1,
    "productTitle": "Dove shampoo",
    "productOwnerId": 4,
    "transactionState": "Ordered"
  },
  {
    "id": 123,
    "userId": 3,
    "twitterHandle": "@sizov_sizov7",
    "email": "sizov_sizov7@sizov_sizov7.com",
    "address": "Stockholm, Good street, Amazing house, 1 flat",
    "phoneNumber": "+972533215046",
    "productId": 1,
    "productTitle": "Dove shampoo",
    "productOwnerId": 4,
    "transactionState": "Ordered"
  },
  {
    "id": 124,
    "userId": 3,
    "twitterHandle": "@sizov_sizov7",
    "email": "sizov_sizov7@sizov_sizov7.com",
    "address": "Stockholm, Good street, Amazing house, 1 flat",
    "phoneNumber": "+972533215046",
    "productId": 1,
    "productTitle": "Dove shampoo",
    "productOwnerId": 4,
    "transactionState": "Ordered"
  },
  {
    "id": 125,
    "userId": 3,
    "twitterHandle": "@sizov_sizov7",
    "email": "sizov_sizov7@sizov_sizov7.com",
    "address": "Stockholm, Good street, Amazing house, 1 flat",
    "phoneNumber": "+972533215046",
    "productId": 1,
    "productTitle": "Dove shampoo",
    "productOwnerId": 4,
    "transactionState": "Ordered"
  },
  {
    "id": 126,
    "userId": 3,
    "twitterHandle": "@sizov_sizov7",
    "email": "sizov_sizov7@sizov_sizov7.com",
    "address": "Stockholm, Good street, Amazing house, 1 flat",
    "phoneNumber": "+972533215046",
    "productId": 1,
    "productTitle": "Dove shampoo",
    "productOwnerId": 4,
    "transactionState": "Ordered"
  },
  {
    "id": 127,
    "userId": 3,
    "twitterHandle": "@sizov_sizov7",
    "email": "sizov_sizov7@sizov_sizov7.com",
    "address": "Stockholm, Good street, Amazing house, 1 flat",
    "phoneNumber": "+972533215046",
    "productId": 1,
    "productTitle": "Dove shampoo",
    "productOwnerId": 4,
    "transactionState": "Ordered"
  },
  {
    "id": 128,
    "userId": 3,
    "twitterHandle": "@sizov_sizov7",
    "email": "sizov_sizov7@sizov_sizov7.com",
    "address": "Stockholm, Good street, Amazing house, 1 flat",
    "phoneNumber": "+972533215046",
    "productId": 1,
    "productTitle": "Dove shampoo",
    "productOwnerId": 4,
    "transactionState": "Ordered"
  },
  {
    "id": 129,
    "userId": 3,
    "twitterHandle": "@sizov_sizov7",
    "email": "sizov_sizov7@sizov_sizov7.com",
    "address": "Stockholm, Good street, Amazing house, 1 flat",
    "phoneNumber": "+972533215046",
    "productId": 1,
    "productTitle": "Dove shampoo",
    "productOwnerId": 4,
    "transactionState": "Ordered"
  },
  {
    "id": 130,
    "userId": 3,
    "twitterHandle": "@sizov_sizov7",
    "email": "sizov_sizov7@sizov_sizov7.com",
    "address": "Stockholm, Good street, Amazing house, 1 flat",
    "phoneNumber": "+972533215046",
    "productId": 1,
    "productTitle": "Dove shampoo",
    "productOwnerId": 4,
    "transactionState": "Ordered"
  },
  {
    "id": 131,
    "userId": 3,
    "twitterHandle": "@sizov_sizov7",
    "email": "sizov_sizov7@sizov_sizov7.com",
    "address": "Stockholm, Good street, Amazing house, 1 flat",
    "phoneNumber": "+972533215046",
    "productId": 1,
    "productTitle": "Dove shampoo",
    "productOwnerId": 4,
    "transactionState": "Ordered"
  },
  {
    "id": 132,
    "userId": 3,
    "twitterHandle": "@sizov_sizov7",
    "email": "sizov_sizov7@sizov_sizov7.com",
    "address": "Stockholm, Good street, Amazing house, 1 flat",
    "phoneNumber": "+972533215046",
    "productId": 1,
    "productTitle": "Dove shampoo",
    "productOwnerId": 4,
    "transactionState": "Ordered"
  },
  {
    "id": 133,
    "userId": 3,
    "twitterHandle": "@sizov_sizov7",
    "email": "sizov_sizov7@sizov_sizov7.com",
    "address": "Stockholm, Good street, Amazing house, 1 flat",
    "phoneNumber": "+972533215046",
    "productId": 1,
    "productTitle": "Dove shampoo",
    "productOwnerId": 4,
    "transactionState": "Ordered"
  },
  {
    "id": 134,
    "userId": 3,
    "twitterHandle": "@sizov_sizov7",
    "email": "sizov_sizov7@sizov_sizov7.com",
    "address": "Stockholm, Good street, Amazing house, 1 flat",
    "phoneNumber": "+972533215046",
    "productId": 1,
    "productTitle": "Dove shampoo",
    "productOwnerId": 4,
    "transactionState": "Ordered"
  },
  {
    "id": 135,
    "userId": 3,
    "twitterHandle": "@sizov_sizov7",
    "email": "sizov_sizov7@sizov_sizov7.com",
    "address": "Stockholm, Good street, Amazing house, 1 flat",
    "phoneNumber": "+972533215046",
    "productId": 1,
    "productTitle": "Dove shampoo",
    "productOwnerId": 4,
    "transactionState": "Ordered"
  },
  {
    "id": 136,
    "userId": 3,
    "twitterHandle": "@sizov_sizov7",
    "email": "sizov_sizov7@sizov_sizov7.com",
    "address": "Stockholm, Good street, Amazing house, 1 flat",
    "phoneNumber": "+972533215046",
    "productId": 1,
    "productTitle": "Dove shampoo",
    "productOwnerId": 4,
    "transactionState": "Ordered"
  },
  {
    "id": 137,
    "userId": 3,
    "twitterHandle": "@sizov_sizov7",
    "email": "sizov_sizov7@sizov_sizov7.com",
    "address": "Stockholm, Good street, Amazing house, 1 flat",
    "phoneNumber": "+972533215046",
    "productId": 1,
    "productTitle": "Dove shampoo",
    "productOwnerId": 4,
    "transactionState": "Ordered"
  },
  {
    "id": 142,
    "userId": 3,
    "twitterHandle": "@sizov_sizov7",
    "email": "sizov_sizov7@sizov_sizov7.com",
    "address": "Stockholm, Good street, Amazing house, 1 flat",
    "phoneNumber": "+972533215046",
    "productId": 1,
    "productTitle": "Dove shampoo",
    "productOwnerId": 4,
    "transactionState": "Ordered"
  },
  {
    "id": 143,
    "userId": 3,
    "twitterHandle": "@sizov_sizov7",
    "email": "sizov_sizov7@sizov_sizov7.com",
    "address": "Stockholm, Good street, Amazing house, 1 flat",
    "phoneNumber": "+972533215046",
    "productId": 1,
    "productTitle": "Dove shampoo",
    "productOwnerId": 4,
    "transactionState": "Ordered"
  },
  {
    "id": 146,
    "userId": 3,
    "twitterHandle": "@sizov_sizov7",
    "email": "sizov_sizov7@sizov_sizov7.com",
    "address": "Stockholm, Good street, Amazing house, 1 flat",
    "phoneNumber": "+972533215046",
    "productId": 1,
    "productTitle": "Dove shampoo",
    "productOwnerId": 4,
    "transactionState": "Ordered"
  },
  {
    "id": 147,
    "userId": 3,
    "twitterHandle": "@sizov_sizov7",
    "email": "sizov_sizov7@sizov_sizov7.com",
    "address": "Stockholm, Good street, Amazing house, 1 flat",
    "phoneNumber": "+972533215046",
    "productId": 1,
    "productTitle": "Dove shampoo",
    "productOwnerId": 4,
    "transactionState": "Ordered"
  },
  {
    "id": 148,
    "userId": 3,
    "twitterHandle": "@sizov_sizov7",
    "email": "sizov_sizov7@sizov_sizov7.com",
    "address": "Stockholm, Good street, Amazing house, 1 flat",
    "phoneNumber": "+972533215046",
    "productId": 1,
    "productTitle": "Dove shampoo",
    "productOwnerId": 4,
    "transactionState": "Ordered"
  },
  {
    "id": 152,
    "userId": 3,
    "twitterHandle": "@sizov_sizov7",
    "email": "sizov_sizov7@sizov_sizov7.com",
    "address": "Stockholm, Good street, Amazing house, 1 flat",
    "phoneNumber": "+972533215046",
    "productId": 3,
    "productTitle": "Domestos gel",
    "productOwnerId": 4,
    "transactionState": "Ordered"
  },
  {
    "id": 154,
    "userId": 3,
    "twitterHandle": "@sizov_sizov7",
    "email": "sizov_sizov7@sizov_sizov7.com",
    "address": "Stockholm, Good street, Amazing house, 1 flat",
    "phoneNumber": "+972533215046",
    "productId": 1,
    "productTitle": "Dove shampoo",
    "productOwnerId": 4,
    "transactionState": "Ordered"
  },
  {
    "id": 159,
    "userId": 3,
    "twitterHandle": "@sizov_sizov7",
    "email": "sizov_sizov7@sizov_sizov7.com",
    "address": "Stockholm, Good street, Amazing house, 1 flat",
    "phoneNumber": "+972533215046",
    "productId": 1,
    "productTitle": "Dove shampoo",
    "productOwnerId": 4,
    "transactionState": "Ordered"
  },
  {
    "id": 160,
    "userId": 3,
    "twitterHandle": "@sizov_sizov7",
    "email": "sizov_sizov7@sizov_sizov7.com",
    "address": "Stockholm, Good street, Amazing house, 1 flat",
    "phoneNumber": "+972533215046",
    "productId": 1,
    "productTitle": "Dove shampoo",
    "productOwnerId": 4,
    "transactionState": "Ordered"
  },
  {
    "id": 161,
    "userId": 3,
    "twitterHandle": "@sizov_sizov7",
    "email": "sizov_sizov7@sizov_sizov7.com",
    "address": "Stockholm, Good street, Amazing house, 1 flat",
    "phoneNumber": "+972533215046",
    "productId": 1,
    "productTitle": "Dove shampoo",
    "productOwnerId": 4,
    "transactionState": "Ordered"
  },
  {
    "id": 162,
    "userId": 3,
    "twitterHandle": "@sizov_sizov7",
    "email": "sizov_sizov7@sizov_sizov7.com",
    "address": "Stockholm, Good street, Amazing house, 1 flat",
    "phoneNumber": "+972533215046",
    "productId": 1,
    "productTitle": "Dove shampoo",
    "productOwnerId": 4,
    "transactionState": "Ordered"
  },
  {
    "id": 163,
    "userId": 3,
    "twitterHandle": "@sizov_sizov7",
    "email": "sizov_sizov7@sizov_sizov7.com",
    "address": "Stockholm, Good street, Amazing house, 1 flat",
    "phoneNumber": "+972533215046",
    "productId": 1,
    "productTitle": "Dove shampoo",
    "productOwnerId": 4,
    "transactionState": "Ordered"
  },
  {
    "id": 164,
    "userId": 3,
    "twitterHandle": "@sizov_sizov7",
    "email": "sizov_sizov7@sizov_sizov7.com",
    "address": "Stockholm, Good street, Amazing house, 1 flat",
    "phoneNumber": "+972533215046",
    "productId": 1,
    "productTitle": "Dove shampoo",
    "productOwnerId": 4,
    "transactionState": "Ordered"
  },
  {
    "id": 165,
    "userId": 3,
    "twitterHandle": "@sizov_sizov7",
    "email": "sizov_sizov7@sizov_sizov7.com",
    "address": "Stockholm, Good street, Amazing house, 1 flat",
    "phoneNumber": "+972533215046",
    "productId": 1,
    "productTitle": "Dove shampoo",
    "productOwnerId": 4,
    "transactionState": "Ordered"
  },
  {
    "id": 168,
    "userId": 3,
    "twitterHandle": "@sizov_sizov7",
    "email": "sizov_sizov7@sizov_sizov7.com",
    "address": "Stockholm, Good street, Amazing house, 1 flat",
    "phoneNumber": "+972533215046",
    "productId": 1,
    "productTitle": "Dove shampoo",
    "productOwnerId": 4,
    "transactionState": "Ordered"
  },
  {
    "id": 169,
    "userId": 3,
    "twitterHandle": "@sizov_sizov7",
    "email": "sizov_sizov7@sizov_sizov7.com",
    "address": "Stockholm, Good street, Amazing house, 1 flat",
    "phoneNumber": "+972533215046",
    "productId": 1,
    "productTitle": "Dove shampoo",
    "productOwnerId": 4,
    "transactionState": "Ordered"
  },
  {
    "id": 171,
    "userId": 3,
    "twitterHandle": "@sizov_sizov7",
    "email": "sizov_sizov7@sizov_sizov7.com",
    "address": "Stockholm, Good street, Amazing house, 1 flat",
    "phoneNumber": "+972533215046",
    "productId": 1,
    "productTitle": "Dove shampoo",
    "productOwnerId": 4,
    "transactionState": "Ordered"
  },
  {
    "id": 172,
    "userId": 3,
    "twitterHandle": "@sizov_sizov7",
    "email": "sizov_sizov7@sizov_sizov7.com",
    "address": "Stockholm, Good street, Amazing house, 1 flat",
    "phoneNumber": "+972533215046",
    "productId": 1,
    "productTitle": "Dove shampoo",
    "productOwnerId": 4,
    "transactionState": "Ordered"
  }
]